INFO:     Will watch for changes in these directories: ['/Users/lalithkunalbachu/Documents/ML/Major_Projects_ML/Major_Projects_ML/Phase-2/Unified-Customer-Intelligence-Platform']
INFO:     Uvicorn running on http://0.0.0.0:8000 (Press CTRL+C to quit)
INFO:     Started reloader process [27143] using WatchFiles
/Library/Frameworks/Python.framework/Versions/3.13/lib/python3.13/pickle.py:1760: UserWarning: [20:51:52] WARNING: /Users/runner/work/xgboost/xgboost/src/gbm/../common/error_msg.h:82: If you are loading a serialized model (like pickle in Python, RDS in R) or
configuration generated by an older version of XGBoost, please export the model by calling
`Booster.save_model` from that version first, then load it back in current version. See:

    https://xgboost.readthedocs.io/en/stable/tutorials/saving_model.html

for more details about differences between saving model and serializing.

  setstate(state)
/Library/Frameworks/Python.framework/Versions/3.13/lib/python3.13/site-packages/sklearn/base.py:380: InconsistentVersionWarning: Trying to unpickle estimator KMeans from version 1.7.2 when using version 1.6.1. This might lead to breaking code or invalid results. Use at your own risk. For more info please refer to:
https://scikit-learn.org/stable/model_persistence.html#security-maintainability-limitations
  warnings.warn(
INFO:     Started server process [27145]
INFO:     Waiting for application startup.
INFO:     Application startup complete.
WARNING:  WatchFiles detected changes in 'streamlit_app/Home.py'. Reloading...
INFO:     Shutting down
INFO:     Waiting for application shutdown.
INFO:     Application shutdown complete.
INFO:     Finished server process [27145]
/Library/Frameworks/Python.framework/Versions/3.13/lib/python3.13/pickle.py:1760: UserWarning: [20:55:30] WARNING: /Users/runner/work/xgboost/xgboost/src/gbm/../common/error_msg.h:82: If you are loading a serialized model (like pickle in Python, RDS in R) or
configuration generated by an older version of XGBoost, please export the model by calling
`Booster.save_model` from that version first, then load it back in current version. See:

    https://xgboost.readthedocs.io/en/stable/tutorials/saving_model.html

for more details about differences between saving model and serializing.

  setstate(state)
/Library/Frameworks/Python.framework/Versions/3.13/lib/python3.13/site-packages/sklearn/base.py:380: InconsistentVersionWarning: Trying to unpickle estimator KMeans from version 1.7.2 when using version 1.6.1. This might lead to breaking code or invalid results. Use at your own risk. For more info please refer to:
https://scikit-learn.org/stable/model_persistence.html#security-maintainability-limitations
  warnings.warn(
INFO:     Started server process [28207]
INFO:     Waiting for application startup.
INFO:     Application startup complete.
WARNING:  WatchFiles detected changes in 'streamlit_app/Home.py'. Reloading...
INFO:     Shutting down
INFO:     Waiting for application shutdown.
INFO:     Application shutdown complete.
INFO:     Finished server process [28207]
/Library/Frameworks/Python.framework/Versions/3.13/lib/python3.13/pickle.py:1760: UserWarning: [20:56:38] WARNING: /Users/runner/work/xgboost/xgboost/src/gbm/../common/error_msg.h:82: If you are loading a serialized model (like pickle in Python, RDS in R) or
configuration generated by an older version of XGBoost, please export the model by calling
`Booster.save_model` from that version first, then load it back in current version. See:

    https://xgboost.readthedocs.io/en/stable/tutorials/saving_model.html

for more details about differences between saving model and serializing.

  setstate(state)
/Library/Frameworks/Python.framework/Versions/3.13/lib/python3.13/site-packages/sklearn/base.py:380: InconsistentVersionWarning: Trying to unpickle estimator KMeans from version 1.7.2 when using version 1.6.1. This might lead to breaking code or invalid results. Use at your own risk. For more info please refer to:
https://scikit-learn.org/stable/model_persistence.html#security-maintainability-limitations
  warnings.warn(
INFO:     Started server process [28568]
INFO:     Waiting for application startup.
INFO:     Application startup complete.
INFO:     Shutting down
INFO:     Waiting for application shutdown.
INFO:     Application shutdown complete.
INFO:     Finished server process [28568]
INFO:     Stopping reloader process [27143]
